19:07:56 **** Incremental Build of configuration Debug for project 1852238-Lab1 ****
make -j8 all 
arm-none-eabi-gcc "../Core/Src/main.c" -mcpu=cortex-m3 -std=gnu11 -g3 -DDEBUG -DUSE_HAL_DRIVER -DSTM32F103x6 -c -I../Core/Inc -I../Drivers/STM32F1xx_HAL_Driver/Inc -I../Drivers/STM32F1xx_HAL_Driver/Inc/Legacy -I../Drivers/CMSIS/Device/ST/STM32F1xx/Include -I../Drivers/CMSIS/Include -O0 -ffunction-sections -fdata-sections -Wall -fstack-usage -MMD -MP -MF"Core/Src/main.d" -MT"Core/Src/main.o" --specs=nano.specs -mfloat-abi=soft -mthumb -o "Core/Src/main.o"
arm-none-eabi-gcc -o "1852238-Lab1.elf" @"objects.list"   -mcpu=cortex-m3 -T"D:\LearningMaterial\Mirco-Processor\Lab1\mProcessor-Lab1\STM32\1852238-Lab1\STM32F103C6UX_FLASH.ld" --specs=nosys.specs -Wl,-Map="1852238-Lab1.map" -Wl,--gc-sections -static --specs=nano.specs -mfloat-abi=soft -mthumb -Wl,--start-group -lc -lm -Wl,--end-group
Finished building target: 1852238-Lab1.elf
 
arm-none-eabi-size   1852238-Lab1.elf 
arm-none-eabi-objdump -h -S  1852238-Lab1.elf  > "1852238-Lab1.list"
arm-none-eabi-objcopy  -O ihex  1852238-Lab1.elf  "1852238-Lab1.hex"
arm-none-eabi-objcopy  -O binary  1852238-Lab1.elf  "1852238-Lab1.bin"
   text	   data	    bss	    dec	    hex	filename
   4972	     20	   1572	   6564	   19a4	1852238-Lab1.elf
Finished building: default.size.stdout
 
Finished building: 1852238-Lab1.bin
Finished building: 1852238-Lab1.hex
Finished building: 1852238-Lab1.list
 
 
 

19:07:58 Build Finished. 0 errors, 0 warnings. (took 2s.209ms)

